Compose can now delegate builds to bake for better performance.
 To do so, set COMPOSE_BAKE=true.
#0 building with "desktop-linux" instance using docker driver

#1 [iris internal] load build definition from Dockerfile
#1 transferring dockerfile: 2.17kB done
#1 WARN: NoEmptyContinuation: Empty continuation line (line 48)
#1 DONE 0.0s

#2 [iris internal] load metadata for docker.io/intersystemsdc/irishealth-community:latest
#2 DONE 0.6s

#3 [iris internal] load .dockerignore
#3 transferring context: 198B done
#3 DONE 0.0s

#4 [iris builder 1/6] FROM docker.io/intersystemsdc/irishealth-community:latest@sha256:4dd93a7fc0ca6fb46c892a92f5b6c66d2a557489c9871aaf4c989a1f9a16c217
#4 DONE 0.0s

#5 [iris internal] load build context
#5 transferring context: 632.72kB 0.3s done
#5 DONE 0.3s

#6 [iris builder 2/6] WORKDIR /home/irisowner/dev
#6 CACHED

#7 [iris builder 3/6] COPY App.Installer.cls .
#7 CACHED

#8 [iris builder 4/6] COPY .iris_init /home/irisowner/.iris_init
#8 CACHED

#9 [iris builder 5/6] RUN --mount=type=bind,src=.,dst=.     pip3 install -r requirements.txt &&     iris start IRIS && 	iris session IRIS < iris.script &&     ([ 0 -eq 0 ] || iris session iris -U IRISAPP "##class(%ZPM.PackageManager).Shell("test UnitTest -v -only",1,1)") &&     iris stop IRIS quietly
#9 ...

#10 [iris final 2/3] ADD --chown=irisowner:irisowner https://github.com/grongierisc/iris-docker-multi-stage-script/releases/latest/download/copy-data.py /home/irisowner/dev/copy-data.py
#10 DONE 0.5s

#9 [iris builder 5/6] RUN --mount=type=bind,src=.,dst=.     pip3 install -r requirements.txt &&     iris start IRIS && 	iris session IRIS < iris.script &&     ([ 0 -eq 0 ] || iris session iris -U IRISAPP "##class(%ZPM.PackageManager).Shell("test UnitTest -v -only",1,1)") &&     iris stop IRIS quietly
#9 0.254 Defaulting to user installation because normal site-packages is not writeable
#9 1.269 Collecting numpy==1.23.4 (from -r requirements.txt (line 1))
#9 1.518   Downloading numpy-1.23.4.tar.gz (10.7 MB)
#9 6.920      ━━━━━━━━━━━━━━━━━━━━━━━━━━━━━━━━━━━━━━━━ 10.7/10.7 MB 2.0 MB/s eta 0:00:00
#9 7.259   Installing build dependencies: started
#9 10.41   Installing build dependencies: finished with status 'done'
#9 10.41   Getting requirements to build wheel: started
#9 10.46   Getting requirements to build wheel: finished with status 'error'
#9 10.46   error: subprocess-exited-with-error
#9 10.46   
#9 10.46   × Getting requirements to build wheel did not run successfully.
#9 10.46   │ exit code: 1
#9 10.46   ╰─> [33 lines of output]
#9 10.46       Traceback (most recent call last):
#9 10.46         File "/usr/lib/python3/dist-packages/pip/_vendor/pyproject_hooks/_in_process/_in_process.py", line 353, in <module>
#9 10.46           main()
#9 10.46         File "/usr/lib/python3/dist-packages/pip/_vendor/pyproject_hooks/_in_process/_in_process.py", line 335, in main
#9 10.46           json_out['return_val'] = hook(**hook_input['kwargs'])
#9 10.46                                    ^^^^^^^^^^^^^^^^^^^^^^^^^^^^
#9 10.46         File "/usr/lib/python3/dist-packages/pip/_vendor/pyproject_hooks/_in_process/_in_process.py", line 112, in get_requires_for_build_wheel
#9 10.46           backend = _build_backend()
#9 10.46                     ^^^^^^^^^^^^^^^^
#9 10.46         File "/usr/lib/python3/dist-packages/pip/_vendor/pyproject_hooks/_in_process/_in_process.py", line 77, in _build_backend
#9 10.46           obj = import_module(mod_path)
#9 10.46                 ^^^^^^^^^^^^^^^^^^^^^^^
#9 10.46         File "/usr/lib/python3.12/importlib/__init__.py", line 90, in import_module
#9 10.46           return _bootstrap._gcd_import(name[level:], package, level)
#9 10.46                  ^^^^^^^^^^^^^^^^^^^^^^^^^^^^^^^^^^^^^^^^^^^^^^^^^^^^
#9 10.46         File "<frozen importlib._bootstrap>", line 1387, in _gcd_import
#9 10.46         File "<frozen importlib._bootstrap>", line 1360, in _find_and_load
#9 10.46         File "<frozen importlib._bootstrap>", line 1310, in _find_and_load_unlocked
#9 10.46         File "<frozen importlib._bootstrap>", line 488, in _call_with_frames_removed
#9 10.46         File "<frozen importlib._bootstrap>", line 1387, in _gcd_import
#9 10.46         File "<frozen importlib._bootstrap>", line 1360, in _find_and_load
#9 10.46         File "<frozen importlib._bootstrap>", line 1331, in _find_and_load_unlocked
#9 10.46         File "<frozen importlib._bootstrap>", line 935, in _load_unlocked
#9 10.46         File "<frozen importlib._bootstrap_external>", line 995, in exec_module
#9 10.46         File "<frozen importlib._bootstrap>", line 488, in _call_with_frames_removed
#9 10.46         File "/tmp/pip-build-env-hghs8f6b/overlay/local/lib/python3.12/dist-packages/setuptools/__init__.py", line 16, in <module>
#9 10.46           import setuptools.version
#9 10.46         File "/tmp/pip-build-env-hghs8f6b/overlay/local/lib/python3.12/dist-packages/setuptools/version.py", line 1, in <module>
#9 10.46           import pkg_resources
#9 10.46         File "/tmp/pip-build-env-hghs8f6b/overlay/local/lib/python3.12/dist-packages/pkg_resources/__init__.py", line 2172, in <module>
#9 10.46           register_finder(pkgutil.ImpImporter, find_on_path)
#9 10.46                           ^^^^^^^^^^^^^^^^^^^
#9 10.46       AttributeError: module 'pkgutil' has no attribute 'ImpImporter'. Did you mean: 'zipimporter'?
#9 10.46       [end of output]
#9 10.46   
#9 10.46   note: This error originates from a subprocess, and is likely not a problem with pip.
#9 10.46 error: subprocess-exited-with-error
#9 10.46 
#9 10.46 × Getting requirements to build wheel did not run successfully.
#9 10.46 │ exit code: 1
#9 10.46 ╰─> See above for output.
#9 10.46 
#9 10.46 note: This error originates from a subprocess, and is likely not a problem with pip.
#9 ERROR: process "/bin/sh -c pip3 install -r requirements.txt &&     iris start IRIS && \tiris session IRIS < iris.script &&     ([ $TESTS -eq 0 ] || iris session iris -U $NAMESPACE \"##class(%ZPM.PackageManager).Shell(\\\"test $MODULE -v -only\\\",1,1)\") &&     iris stop IRIS quietly" did not complete successfully: exit code: 1
------
 > [iris builder 5/6] RUN --mount=type=bind,src=.,dst=.     pip3 install -r requirements.txt &&     iris start IRIS && 	iris session IRIS < iris.script &&     ([ 0 -eq 0 ] || iris session iris -U IRISAPP "##class(%ZPM.PackageManager).Shell("test UnitTest -v -only",1,1)") &&     iris stop IRIS quietly:
10.46       [end of output]
10.46   
10.46   note: This error originates from a subprocess, and is likely not a problem with pip.
10.46 error: subprocess-exited-with-error
10.46 
10.46 × Getting requirements to build wheel did not run successfully.
10.46 │ exit code: 1
10.46 ╰─> See above for output.
10.46 
10.46 note: This error originates from a subprocess, and is likely not a problem with pip.
------
failed to solve: process "/bin/sh -c pip3 install -r requirements.txt &&     iris start IRIS && \tiris session IRIS < iris.script &&     ([ $TESTS -eq 0 ] || iris session iris -U $NAMESPACE \"##class(%ZPM.PackageManager).Shell(\\\"test $MODULE -v -only\\\",1,1)\") &&     iris stop IRIS quietly" did not complete successfully: exit code: 1
